###############################################################################
#
# IAR ELF Linker V8.22.2.15995/W32 for ARM                19/Jun/2018  21:42:02
# Copyright 2007-2018 IAR Systems AB.
#
#    Output file  =  
#        E:\MSST
#        Thesis\STM32CubeMX\workspace\Audio_playback_and_record\EWARM\MEDIA_IntFLASH\Exe\STM32F4-Discovery_Audio_IntFLASH.out
#    Map file     =  
#        E:\MSST
#        Thesis\STM32CubeMX\workspace\Audio_playback_and_record\EWARM\MEDIA_IntFLASH\List\STM32F4-Discovery_Audio_IntFLASH.map
#    Command line =  
#        -f C:\Users\user\AppData\Local\Temp\EWC233.tmp ("E:\MSST
#        Thesis\STM32CubeMX\workspace\Audio_playback_and_record\EWARM\MEDIA_IntFLASH\Obj\audio_sample.o"
#        "E:\MSST
#        Thesis\STM32CubeMX\Utilities\STM32F4-Discovery\libPDMFilter_IAR.a"
#        "E:\MSST
#        Thesis\STM32CubeMX\workspace\Audio_playback_and_record\EWARM\MEDIA_IntFLASH\Obj\main.o"
#        "E:\MSST
#        Thesis\STM32CubeMX\workspace\Audio_playback_and_record\EWARM\MEDIA_IntFLASH\Obj\misc.o"
#        "E:\MSST
#        Thesis\STM32CubeMX\workspace\Audio_playback_and_record\EWARM\MEDIA_IntFLASH\Obj\startup_stm32f4xx.o"
#        "E:\MSST
#        Thesis\STM32CubeMX\workspace\Audio_playback_and_record\EWARM\MEDIA_IntFLASH\Obj\stm32f4_discovery.o"
#        "E:\MSST
#        Thesis\STM32CubeMX\workspace\Audio_playback_and_record\EWARM\MEDIA_IntFLASH\Obj\stm32f4_discovery_audio_codec.o"
#        "E:\MSST
#        Thesis\STM32CubeMX\workspace\Audio_playback_and_record\EWARM\MEDIA_IntFLASH\Obj\stm32f4_discovery_lis302dl.o"
#        "E:\MSST
#        Thesis\STM32CubeMX\workspace\Audio_playback_and_record\EWARM\MEDIA_IntFLASH\Obj\stm32f4xx_dac.o"
#        "E:\MSST
#        Thesis\STM32CubeMX\workspace\Audio_playback_and_record\EWARM\MEDIA_IntFLASH\Obj\stm32f4xx_dma.o"
#        "E:\MSST
#        Thesis\STM32CubeMX\workspace\Audio_playback_and_record\EWARM\MEDIA_IntFLASH\Obj\stm32f4xx_exti.o"
#        "E:\MSST
#        Thesis\STM32CubeMX\workspace\Audio_playback_and_record\EWARM\MEDIA_IntFLASH\Obj\stm32f4xx_gpio.o"
#        "E:\MSST
#        Thesis\STM32CubeMX\workspace\Audio_playback_and_record\EWARM\MEDIA_IntFLASH\Obj\stm32f4xx_i2c.o"
#        "E:\MSST
#        Thesis\STM32CubeMX\workspace\Audio_playback_and_record\EWARM\MEDIA_IntFLASH\Obj\stm32f4xx_it.o"
#        "E:\MSST
#        Thesis\STM32CubeMX\workspace\Audio_playback_and_record\EWARM\MEDIA_IntFLASH\Obj\stm32f4xx_pwr.o"
#        "E:\MSST
#        Thesis\STM32CubeMX\workspace\Audio_playback_and_record\EWARM\MEDIA_IntFLASH\Obj\stm32f4xx_rcc.o"
#        "E:\MSST
#        Thesis\STM32CubeMX\workspace\Audio_playback_and_record\EWARM\MEDIA_IntFLASH\Obj\stm32f4xx_rtc.o"
#        "E:\MSST
#        Thesis\STM32CubeMX\workspace\Audio_playback_and_record\EWARM\MEDIA_IntFLASH\Obj\stm32f4xx_spi.o"
#        "E:\MSST
#        Thesis\STM32CubeMX\workspace\Audio_playback_and_record\EWARM\MEDIA_IntFLASH\Obj\stm32f4xx_syscfg.o"
#        "E:\MSST
#        Thesis\STM32CubeMX\workspace\Audio_playback_and_record\EWARM\MEDIA_IntFLASH\Obj\stm32f4xx_tim.o"
#        "E:\MSST
#        Thesis\STM32CubeMX\workspace\Audio_playback_and_record\EWARM\MEDIA_IntFLASH\Obj\system_stm32f4xx.o"
#        "E:\MSST
#        Thesis\STM32CubeMX\workspace\Audio_playback_and_record\EWARM\MEDIA_IntFLASH\Obj\waveplayer.o"
#        --redirect _Printf=_PrintfSmallNoMb --redirect _Scanf=_ScanfSmallNoMb
#        -o "E:\MSST
#        Thesis\STM32CubeMX\workspace\Audio_playback_and_record\EWARM\MEDIA_IntFLASH\Exe\STM32F4-Discovery_Audio_IntFLASH.out"
#        --map "E:\MSST
#        Thesis\STM32CubeMX\workspace\Audio_playback_and_record\EWARM\MEDIA_IntFLASH\List\STM32F4-Discovery_Audio_IntFLASH.map"
#        --config "E:\MSST
#        Thesis\STM32CubeMX\workspace\Audio_playback_and_record\EWARM\stm32f4xx_flash.icf"
#        --semihosting --entry __iar_program_start --vfe --text_out locale)
#
###############################################################################

*******************************************************************************
*** RUNTIME MODEL ATTRIBUTES
***

CppFlavor       = *
__SystemLibrary = DLib
__dlib_version  = 6


*******************************************************************************
*** HEAP SELECTION
***

The basic heap was selected because no calls to memory allocation
functions were found in the application outside of system library
functions, and there are calls to deallocation functions in the
application.


*******************************************************************************
*** PLACEMENT SUMMARY
***

"A0":  place at 0x08000000 { ro section .intvec };
"P1":  place in [from 0x08000000 to 0x080fffff] { ro };
define block CSTACK with size = 1K, alignment = 8 { };
define block HEAP with size = 512, alignment = 8 { };
"P2":  place in [from 0x20000000 to 0x2001ffff] {
          rw, block CSTACK, block HEAP };
initialize by copy { rw };

  Section            Kind        Address     Size  Object
  -------            ----        -------     ----  ------
"A0":                                       0x188
  .intvec            ro code  0x08000000    0x188  startup_stm32f4xx.o [1]
                            - 0x08000188    0x188

"P1":                                     0xf6f4a
  .rodata            const    0x08000188  0xf4f78  audio_sample.o [1]
  .text              ro code  0x080f5100    0x9f4  stm32f4_discovery_audio_codec.o [1]
  .text              ro code  0x080f5af4    0x220  stm32f4xx_dma.o [1]
  .text              ro code  0x080f5d14    0x1d8  stm32f4xx_spi.o [1]
  .text              ro code  0x080f5eec     0xaa  stm32f4xx_gpio.o [1]
  .text              ro code  0x080f5f98    0x1e0  waveplayer.o [1]
  .text              ro code  0x080f6178     0x64  stm32f4xx_dac.o [1]
  .text              ro code  0x080f61dc    0x104  stm32f4xx_rcc.o [1]
  .text              ro code  0x080f62e0    0x1f8  stm32f4xx_i2c.o [1]
  .text              ro code  0x080f64d8     0x78  misc.o [1]
  .text              ro code  0x080f6550    0x2b4  stm32f4_discovery_lis302dl.o [1]
  .text              ro code  0x080f6804     0x28  stm32f4xx_syscfg.o [1]
  .text              ro code  0x080f682c     0x8c  stm32f4xx_exti.o [1]
  .text              ro code  0x080f68b8    0x164  stm32f4xx_tim.o [1]
  .text              ro code  0x080f6a1c    0x130  main.o [1]
  .text              ro code  0x080f6b4c     0x98  stm32f4_discovery.o [1]
  .text              ro code  0x080f6be4    0x110  stm32f4xx_it.o [1]
  .text              ro code  0x080f6cf4    0x108  system_stm32f4xx.o [1]
  .text              ro code  0x080f6dfc     0x38  packbits_init_single.o [5]
  .text              ro code  0x080f6e34     0x28  data_init.o [5]
  .text              ro code  0x080f6e5c     0x22  fpinit_M.o [4]
  .iar.init_table    const    0x080f6e80     0x10  - Linker created -
  .text              ro code  0x080f6e90     0x1e  cmain.o [5]
  .text              ro code  0x080f6eae      0x4  low_level_init.o [3]
  .text              ro code  0x080f6eb2      0x4  exit.o [3]
  .text              ro code  0x080f6eb8      0xa  cexit.o [5]
  .text              ro code  0x080f6ec4     0x14  exit.o [6]
  .text              ro code  0x080f6ed8     0x10  startup_stm32f4xx.o [1]
  .text              ro code  0x080f6ee8      0xc  cstartup_M.o [5]
  .text              ro code  0x080f6ef4      0x4  startup_stm32f4xx.o [1]
  .text              ro code  0x080f6ef8      0x4  startup_stm32f4xx.o [1]
  .text              ro code  0x080f6efc      0x4  startup_stm32f4xx.o [1]
  .text              ro code  0x080f6f00      0x4  startup_stm32f4xx.o [1]
  .text              ro code  0x080f6f04      0x4  startup_stm32f4xx.o [1]
  .text              ro code  0x080f6f08      0x4  startup_stm32f4xx.o [1]
  .text              ro code  0x080f6f0c      0x4  startup_stm32f4xx.o [1]
  .text              ro code  0x080f6f10      0x4  startup_stm32f4xx.o [1]
  .text              ro code  0x080f6f14      0x4  startup_stm32f4xx.o [1]
  .text              ro code  0x080f6f18      0x4  startup_stm32f4xx.o [1]
  .text              ro code  0x080f6f1c      0x4  startup_stm32f4xx.o [1]
  .text              ro code  0x080f6f20      0x4  startup_stm32f4xx.o [1]
  .text              ro code  0x080f6f24      0x4  startup_stm32f4xx.o [1]
  .text              ro code  0x080f6f28      0x4  startup_stm32f4xx.o [1]
  .text              ro code  0x080f6f2c      0x4  startup_stm32f4xx.o [1]
  .text              ro code  0x080f6f30      0x4  startup_stm32f4xx.o [1]
  .text              ro code  0x080f6f34      0x4  startup_stm32f4xx.o [1]
  .text              ro code  0x080f6f38      0x4  startup_stm32f4xx.o [1]
  .text              ro code  0x080f6f3c      0x4  startup_stm32f4xx.o [1]
  .text              ro code  0x080f6f40      0x4  startup_stm32f4xx.o [1]
  .text              ro code  0x080f6f44      0x4  startup_stm32f4xx.o [1]
  .text              ro code  0x080f6f48      0x4  startup_stm32f4xx.o [1]
  .text              ro code  0x080f6f4c      0x4  startup_stm32f4xx.o [1]
  .text              ro code  0x080f6f50      0x4  startup_stm32f4xx.o [1]
  .text              ro code  0x080f6f54      0x4  startup_stm32f4xx.o [1]
  .text              ro code  0x080f6f58      0x4  startup_stm32f4xx.o [1]
  .text              ro code  0x080f6f5c      0x4  startup_stm32f4xx.o [1]
  .text              ro code  0x080f6f60      0x4  startup_stm32f4xx.o [1]
  .text              ro code  0x080f6f64      0x4  startup_stm32f4xx.o [1]
  .text              ro code  0x080f6f68      0x4  startup_stm32f4xx.o [1]
  .text              ro code  0x080f6f6c      0x4  startup_stm32f4xx.o [1]
  .text              ro code  0x080f6f70      0x4  startup_stm32f4xx.o [1]
  .text              ro code  0x080f6f74      0x4  startup_stm32f4xx.o [1]
  .text              ro code  0x080f6f78      0x4  startup_stm32f4xx.o [1]
  .text              ro code  0x080f6f7c      0x4  startup_stm32f4xx.o [1]
  .text              ro code  0x080f6f80      0x4  startup_stm32f4xx.o [1]
  .text              ro code  0x080f6f84      0x4  startup_stm32f4xx.o [1]
  .text              ro code  0x080f6f88      0x4  startup_stm32f4xx.o [1]
  .text              ro code  0x080f6f8c      0x4  startup_stm32f4xx.o [1]
  .text              ro code  0x080f6f90      0x4  startup_stm32f4xx.o [1]
  .text              ro code  0x080f6f94      0x4  startup_stm32f4xx.o [1]
  .text              ro code  0x080f6f98      0x4  startup_stm32f4xx.o [1]
  .text              ro code  0x080f6f9c      0x4  startup_stm32f4xx.o [1]
  .text              ro code  0x080f6fa0      0x4  startup_stm32f4xx.o [1]
  .text              ro code  0x080f6fa4      0x4  startup_stm32f4xx.o [1]
  .text              ro code  0x080f6fa8      0x4  startup_stm32f4xx.o [1]
  .text              ro code  0x080f6fac      0x4  startup_stm32f4xx.o [1]
  .text              ro code  0x080f6fb0      0x4  startup_stm32f4xx.o [1]
  .text              ro code  0x080f6fb4      0x4  startup_stm32f4xx.o [1]
  .text              ro code  0x080f6fb8      0x4  startup_stm32f4xx.o [1]
  .text              ro code  0x080f6fbc      0x4  startup_stm32f4xx.o [1]
  .text              ro code  0x080f6fc0      0x4  startup_stm32f4xx.o [1]
  .text              ro code  0x080f6fc4      0x4  startup_stm32f4xx.o [1]
  .text              ro code  0x080f6fc8      0x4  startup_stm32f4xx.o [1]
  .text              ro code  0x080f6fcc      0x4  startup_stm32f4xx.o [1]
  .text              ro code  0x080f6fd0      0x4  startup_stm32f4xx.o [1]
  .text              ro code  0x080f6fd4      0x4  startup_stm32f4xx.o [1]
  .text              ro code  0x080f6fd8      0x4  startup_stm32f4xx.o [1]
  .text              ro code  0x080f6fdc      0x4  startup_stm32f4xx.o [1]
  .text              ro code  0x080f6fe0      0x4  startup_stm32f4xx.o [1]
  .text              ro code  0x080f6fe4      0x4  startup_stm32f4xx.o [1]
  .text              ro code  0x080f6fe8      0x4  startup_stm32f4xx.o [1]
  .text              ro code  0x080f6fec      0x4  startup_stm32f4xx.o [1]
  .text              ro code  0x080f6ff0      0x4  startup_stm32f4xx.o [1]
  .text              ro code  0x080f6ff4      0x4  startup_stm32f4xx.o [1]
  .text              ro code  0x080f6ff8      0x4  startup_stm32f4xx.o [1]
  .text              ro code  0x080f6ffc      0x4  startup_stm32f4xx.o [1]
  .text              ro code  0x080f7000      0x4  startup_stm32f4xx.o [1]
  .text              ro code  0x080f7004      0x4  startup_stm32f4xx.o [1]
  .text              ro code  0x080f7008      0x4  startup_stm32f4xx.o [1]
  .text              ro code  0x080f700c      0x4  startup_stm32f4xx.o [1]
  .text              ro code  0x080f7010      0x4  startup_stm32f4xx.o [1]
  .text              ro code  0x080f7014      0x4  startup_stm32f4xx.o [1]
  .text              ro code  0x080f7018      0x4  startup_stm32f4xx.o [1]
  .text              ro code  0x080f701c      0x4  startup_stm32f4xx.o [1]
  .text              ro code  0x080f7020      0x4  startup_stm32f4xx.o [1]
  .text              ro code  0x080f7024      0x4  startup_stm32f4xx.o [1]
  .text              ro code  0x080f7028      0x4  startup_stm32f4xx.o [1]
  .text              ro code  0x080f702c      0x4  startup_stm32f4xx.o [1]
  .text              ro code  0x080f7030      0x4  startup_stm32f4xx.o [1]
  .text              ro code  0x080f7034      0x4  startup_stm32f4xx.o [1]
  .text              ro code  0x080f7038      0x4  startup_stm32f4xx.o [1]
  .text              ro code  0x080f703c      0x4  startup_stm32f4xx.o [1]
  .text              ro code  0x080f7040      0x4  startup_stm32f4xx.o [1]
  .text              ro code  0x080f7044      0x4  startup_stm32f4xx.o [1]
  .text              ro code  0x080f7048      0x4  startup_stm32f4xx.o [1]
  .text              ro code  0x080f704c      0x4  startup_stm32f4xx.o [1]
  .text              ro code  0x080f7050      0x4  startup_stm32f4xx.o [1]
  .text              ro code  0x080f7054      0x4  startup_stm32f4xx.o [1]
  .text              ro code  0x080f7058      0x4  startup_stm32f4xx.o [1]
  .text              ro code  0x080f705c      0x4  startup_stm32f4xx.o [1]
  .rodata            const    0x080f7060      0x0  packbits_init_single.o [5]
  Initializer bytes  const    0x080f7060     0x72  <for P2-1>
                            - 0x080f70d2  0xf6f4a

"P2", part 1 of 2:                           0xd4
  P2-1                        0x20000000     0xd4  <Init block>
    .data            inited   0x20000000     0x14  main.o [1]
    .data            inited   0x20000014     0x10  stm32f4_discovery.o [1]
    .data            inited   0x20000024     0x78  stm32f4_discovery_audio_codec.o [1]
    .data            inited   0x2000009c      0x4  stm32f4_discovery_audio_codec.o [1]
    .data            inited   0x200000a0      0x4  stm32f4_discovery_lis302dl.o [1]
    .data            inited   0x200000a4     0x10  stm32f4xx_rcc.o [1]
    .data            inited   0x200000b4     0x14  system_stm32f4xx.o [1]
    .bss             inited   0x200000c8      0x4  waveplayer.o [1]
    .bss             inited   0x200000cc      0x4  stm32f4xx_it.o [1]
    .data            inited   0x200000d0      0x2  stm32f4xx_it.o [1]
    .data            inited   0x200000d2      0x1  waveplayer.o [1]
    .bss             inited   0x200000d3      0x1  waveplayer.o [1]
                            - 0x200000d4     0xd4

"P2", part 2 of 2:                          0x400
  CSTACK                      0x200000d8    0x400  <Block>
    CSTACK           uninit   0x200000d8    0x400  <Block tail>
                            - 0x200004d8    0x400


*******************************************************************************
*** INIT TABLE
***

          Address     Size
          -------     ----
Copy/packbits (__iar_packbits_init_single3)
    1 source range, total size 0x72 (53% of destination):
          0x080f7060  0x72
    1 destination range, total size 0xd4:
          0x20000000  0xd4



*******************************************************************************
*** MODULE SUMMARY
***

    Module                           ro code    ro data  rw data
    ------                           -------    -------  -------
E:\MSST Thesis\STM32CubeMX\workspace\Audio_playback_and_record\EWARM\MEDIA_IntFLASH\Obj: [1]
    audio_sample.o                            1 003 384
    main.o                               304         10       20
    misc.o                               120
    startup_stm32f4xx.o                  772
    stm32f4_discovery.o                  152          9       16
    stm32f4_discovery_audio_codec.o    2 548         67      124
    stm32f4_discovery_lis302dl.o         692          2        4
    stm32f4xx_dac.o                      100
    stm32f4xx_dma.o                      544
    stm32f4xx_exti.o                     140
    stm32f4xx_gpio.o                     170
    stm32f4xx_i2c.o                      504
    stm32f4xx_it.o                       272          3        6
    stm32f4xx_rcc.o                      260          8       16
    stm32f4xx_spi.o                      472
    stm32f4xx_syscfg.o                    40
    stm32f4xx_tim.o                      356
    system_stm32f4xx.o                   264         11       20
    waveplayer.o                         480          4        6
    ------------------------------------------------------------
    Total:                             8 190  1 003 498      212

command line: [2]
    ------------------------------------------------------------
    Total:

dl7M_tln.a: [3]
    exit.o                                 4
    low_level_init.o                       4
    ------------------------------------------------------------
    Total:                                 8

m7M_tls.a: [4]
    fpinit_M.o                            34
    ------------------------------------------------------------
    Total:                                34

rt7M_tl.a: [5]
    cexit.o                               10
    cmain.o                               30
    cstartup_M.o                          12
    data_init.o                           40
    packbits_init_single.o                56
    ------------------------------------------------------------
    Total:                               148

shb_l.a: [6]
    exit.o                                20
    ------------------------------------------------------------
    Total:                                20

    Gaps                                   6          2
    Linker created                                   16    1 024
----------------------------------------------------------------
    Grand Total:                       8 406  1 003 516    1 236


*******************************************************************************
*** ENTRY LIST
***

Entry                      Address     Size  Type      Object
-----                      -------     ----  ----      ------
.iar.init_table$$Base   0x080f6e80            --   Gb  - Linker created -
.iar.init_table$$Limit  0x080f6e90            --   Gb  - Linker created -
?main                   0x080f6e91           Code  Gb  cmain.o [5]
AHBPrescTable           0x200000b8     0x10  Data  Gb  system_stm32f4xx.o [1]
APBAHBPrescTable        0x200000a4     0x10  Data  Lc  stm32f4xx_rcc.o [1]
AUDIO_MAL_DMA_CHANNEL   0x20000080      0x4  Data  Gb  stm32f4_discovery_audio_codec.o [1]
AUDIO_MAL_DMA_CLOCK     0x20000074      0x4  Data  Gb  stm32f4_discovery_audio_codec.o [1]
AUDIO_MAL_DMA_DREG      0x2000007c      0x4  Data  Gb  stm32f4_discovery_audio_codec.o [1]
AUDIO_MAL_DMA_FLAG_DME  0x20000098      0x4  Data  Gb  stm32f4_discovery_audio_codec.o [1]
AUDIO_MAL_DMA_FLAG_FE   0x20000090      0x4  Data  Gb  stm32f4_discovery_audio_codec.o [1]
AUDIO_MAL_DMA_FLAG_HT   0x2000008c      0x4  Data  Gb  stm32f4_discovery_audio_codec.o [1]
AUDIO_MAL_DMA_FLAG_TC   0x20000088      0x4  Data  Gb  stm32f4_discovery_audio_codec.o [1]
AUDIO_MAL_DMA_FLAG_TE   0x20000094      0x4  Data  Gb  stm32f4_discovery_audio_codec.o [1]
AUDIO_MAL_DMA_IRQ       0x20000084      0x4  Data  Gb  stm32f4_discovery_audio_codec.o [1]
AUDIO_MAL_DMA_STREAM    0x20000078      0x4  Data  Gb  stm32f4_discovery_audio_codec.o [1]
AUDIO_SAMPLE            0x08000188  0xf4f78  Data  Gb  audio_sample.o [1]
AudioPlayStart          0x200000d3      0x1  Data  Gb  waveplayer.o [1]
AudioRemSize            0x20000068      0x4  Data  Gb  stm32f4_discovery_audio_codec.o [1]
AudioTotalSize          0x20000064      0x4  Data  Gb  stm32f4_discovery_audio_codec.o [1]
Audio_MAL_IRQHandler    0x080f5349     0x98  Code  Lc  stm32f4_discovery_audio_codec.o [1]
Audio_MAL_Init          0x080f596b     0xd4  Code  Lc  stm32f4_discovery_audio_codec.o [1]
BusFault_Handler        0x080f6beb      0x2  Code  Gb  stm32f4xx_it.o [1]
CCR_Val                 0x20000012      0x2  Data  Gb  main.o [1]
CODECTimeout            0x2000009c      0x4  Data  Gb  stm32f4_discovery_audio_codec.o [1]
CSTACK$$Base            0x200000d8            --   Gb  - Linker created -
CSTACK$$Limit           0x200004d8            --   Gb  - Linker created -
Codec_GPIO_Init         0x080f585f    0x10c  Code  Lc  stm32f4_discovery_audio_codec.o [1]
Codec_Init              0x080f541d    0x17e  Code  Lc  stm32f4_discovery_audio_codec.o [1]
Codec_ReadRegister      0x080f5705    0x15a  Code  Lc  stm32f4_discovery_audio_codec.o [1]
Codec_Reset             0x080f55bb     0x58  Code  Lc  stm32f4_discovery_audio_codec.o [1]
Codec_TIMEOUT_UserCallback
                        0x080f6141      0x4  Code  Gb  waveplayer.o [1]
Codec_VolumeCtrl        0x080f559b     0x20  Code  Lc  stm32f4_discovery_audio_codec.o [1]
Codec_WriteRegister     0x080f5615     0xf0  Code  Lc  stm32f4_discovery_audio_codec.o [1]
Count                   0x200000d1      0x1  Data  Gb  stm32f4xx_it.o [1]
CurrAudioInterface      0x20000070      0x4  Data  Gb  stm32f4_discovery_audio_codec.o [1]
CurrentPos              0x2000006c      0x4  Data  Gb  stm32f4_discovery_audio_codec.o [1]
DAC_Cmd                 0x080f61a1     0x1c  Code  Gb  stm32f4xx_dac.o [1]
DAC_Config              0x080f5a3f     0x48  Code  Gb  stm32f4_discovery_audio_codec.o [1]
DAC_Init                0x080f6179     0x28  Code  Gb  stm32f4xx_dac.o [1]
DAC_SetChannel1Data     0x080f61bd     0x1a  Code  Gb  stm32f4xx_dac.o [1]
DMA1_Stream0_IRQHandler
                        0x080f53e3      0x2  Code  Gb  stm32f4_discovery_audio_codec.o [1]
DMA1_Stream7_IRQHandler
                        0x080f53e1      0x2  Code  Gb  stm32f4_discovery_audio_codec.o [1]
DMA_ClearFlag           0x080f5c6b     0x1e  Code  Gb  stm32f4xx_dma.o [1]
DMA_Cmd                 0x080f5c27     0x16  Code  Gb  stm32f4xx_dma.o [1]
DMA_DeInit              0x080f5af5     0xe0  Code  Gb  stm32f4xx_dma.o [1]
DMA_GetCmdStatus        0x080f5c3d      0x8  Code  Gb  stm32f4xx_dma.o [1]
DMA_GetFlagStatus       0x080f5c45     0x26  Code  Gb  stm32f4xx_dma.o [1]
DMA_ITConfig            0x080f5c89     0x30  Code  Gb  stm32f4xx_dma.o [1]
DMA_Init                0x080f5bd5     0x52  Code  Gb  stm32f4xx_dma.o [1]
DMA_InitStructure       0x20000024     0x3c  Data  Gb  stm32f4_discovery_audio_codec.o [1]
DebugMon_Handler        0x080f6bf1      0x2  Code  Gb  stm32f4xx_it.o [1]
EVAL_AUDIO_GetSampleCallBack
                        0x080f613d      0x4  Code  Gb  waveplayer.o [1]
EVAL_AUDIO_Init         0x080f5187     0x30  Code  Gb  stm32f4_discovery_audio_codec.o [1]
EVAL_AUDIO_PauseResume  0x080f521f     0x84  Code  Gb  stm32f4_discovery_audio_codec.o [1]
EVAL_AUDIO_Play         0x080f51b7     0x68  Code  Gb  stm32f4_discovery_audio_codec.o [1]
EVAL_AUDIO_SetAudioInterface
                        0x080f5101     0x86  Code  Gb  stm32f4_discovery_audio_codec.o [1]
EVAL_AUDIO_Stop         0x080f52a3     0xa6  Code  Gb  stm32f4_discovery_audio_codec.o [1]
EVAL_AUDIO_TransferComplete_CallBack
                        0x080f6135      0x8  Code  Gb  waveplayer.o [1]
EXTI1_IRQHandler        0x080f6bf9     0x36  Code  Gb  stm32f4xx_it.o [1]
EXTI_ClearITPendingBit  0x080f68a9      0x6  Code  Gb  stm32f4xx_exti.o [1]
EXTI_GetITStatus        0x080f6893     0x16  Code  Gb  stm32f4xx_exti.o [1]
EXTI_Init               0x080f682d     0x66  Code  Gb  stm32f4xx_exti.o [1]
GPIO_CLK                0x080f6bd4     0x10  Data  Gb  stm32f4_discovery.o [1]
GPIO_Init               0x080f5eed     0x72  Code  Gb  stm32f4xx_gpio.o [1]
GPIO_PIN                0x080f6bcc      0x8  Data  Gb  stm32f4_discovery.o [1]
GPIO_PORT               0x20000014     0x10  Data  Gb  stm32f4_discovery.o [1]
GPIO_PinAFConfig        0x080f5f71     0x26  Code  Gb  stm32f4xx_gpio.o [1]
GPIO_ResetBits          0x080f5f63      0x4  Code  Gb  stm32f4xx_gpio.o [1]
GPIO_SetBits            0x080f5f5f      0x4  Code  Gb  stm32f4xx_gpio.o [1]
GPIO_WriteBit           0x080f5f67      0xa  Code  Gb  stm32f4xx_gpio.o [1]
HardFault_Handler       0x080f6be7      0x2  Code  Gb  stm32f4xx_it.o [1]
I2C_AcknowledgeConfig   0x080f6461     0x18  Code  Gb  stm32f4xx_i2c.o [1]
I2C_CheckEvent          0x080f6483     0x1a  Code  Gb  stm32f4xx_i2c.o [1]
I2C_ClearFlag           0x080f64d3      0x6  Code  Gb  stm32f4xx_i2c.o [1]
I2C_Cmd                 0x080f6409     0x18  Code  Gb  stm32f4xx_i2c.o [1]
I2C_DeInit              0x080f62e1     0x58  Code  Gb  stm32f4xx_i2c.o [1]
I2C_GenerateSTART       0x080f6421     0x18  Code  Gb  stm32f4xx_i2c.o [1]
I2C_GenerateSTOP        0x080f6439     0x18  Code  Gb  stm32f4xx_i2c.o [1]
I2C_GetFlagStatus       0x080f649d     0x36  Code  Gb  stm32f4xx_i2c.o [1]
I2C_Init                0x080f6339     0xb6  Code  Gb  stm32f4xx_i2c.o [1]
I2C_ReceiveData         0x080f647d      0x6  Code  Gb  stm32f4xx_i2c.o [1]
I2C_Send7bitAddress     0x080f6451     0x10  Code  Gb  stm32f4xx_i2c.o [1]
I2C_SendData            0x080f6479      0x4  Code  Gb  stm32f4xx_i2c.o [1]
I2S_Cmd                 0x080f5e95     0x18  Code  Gb  stm32f4xx_spi.o [1]
I2S_Init                0x080f5dad     0xba  Code  Gb  stm32f4xx_spi.o [1]
LED_Toggle              0x200000cc      0x1  Data  Gb  stm32f4xx_it.o [1]
LIS302DLTimeout         0x200000a0      0x4  Data  Gb  stm32f4_discovery_lis302dl.o [1]
LIS302DL_Init           0x080f6551     0x42  Code  Gb  stm32f4_discovery_lis302dl.o [1]
LIS302DL_InterruptConfig
                        0x080f6593     0x4e  Code  Gb  stm32f4_discovery_lis302dl.o [1]
LIS302DL_LowLevel_Init  0x080f666d    0x126  Code  Lc  stm32f4_discovery_lis302dl.o [1]
LIS302DL_SendByte       0x080f6793     0x62  Code  Lc  stm32f4_discovery_lis302dl.o [1]
LIS302DL_TIMEOUT_UserCallback
                        0x080f6133      0x2  Code  Gb  waveplayer.o [1]
LIS302DL_Write          0x080f65e1     0x8c  Code  Gb  stm32f4_discovery_lis302dl.o [1]
MemManage_Handler       0x080f6be9      0x2  Code  Gb  stm32f4xx_it.o [1]
NMI_Handler             0x080f6be5      0x2  Code  Gb  stm32f4xx_it.o [1]
NVIC_Init               0x080f64e3     0x5a  Code  Gb  misc.o [1]
NVIC_PriorityGroupConfig
                        0x080f64d9      0xa  Code  Gb  misc.o [1]
OutputDev               0x20000060      0x1  Data  Gb  stm32f4_discovery_audio_codec.o [1]
PauseResumeStatus       0x200000d0      0x1  Data  Gb  stm32f4xx_it.o [1]
PendSV_Handler          0x080f6bf3      0x2  Code  Gb  stm32f4xx_it.o [1]
RCC_AHB1PeriphClockCmd  0x080f6261     0x12  Code  Gb  stm32f4xx_rcc.o [1]
RCC_APB1PeriphClockCmd  0x080f6273     0x12  Code  Gb  stm32f4xx_rcc.o [1]
RCC_APB1PeriphResetCmd  0x080f6297     0x12  Code  Gb  stm32f4xx_rcc.o [1]
RCC_APB2PeriphClockCmd  0x080f6285     0x12  Code  Gb  stm32f4xx_rcc.o [1]
RCC_APB2PeriphResetCmd  0x080f62a9     0x12  Code  Gb  stm32f4xx_rcc.o [1]
RCC_Clocks              0x20000000     0x10  Data  Gb  main.o [1]
RCC_GetClocksFreq       0x080f61dd     0x84  Code  Gb  stm32f4xx_rcc.o [1]
Region$$Table$$Base     0x080f6e80            --   Gb  - Linker created -
Region$$Table$$Limit    0x080f6e90            --   Gb  - Linker created -
RepeatState             0x20000010      0x1  Data  Gb  main.o [1]
SPI3_IRQHandler         0x080f53e5     0x38  Code  Gb  stm32f4_discovery_audio_codec.o [1]
SPI_Cmd                 0x080f5e7d     0x18  Code  Gb  stm32f4xx_spi.o [1]
SPI_I2S_DMACmd          0x080f5eb5     0x10  Code  Gb  stm32f4xx_spi.o [1]
SPI_I2S_DeInit          0x080f5d15     0x60  Code  Gb  stm32f4xx_spi.o [1]
SPI_I2S_GetFlagStatus   0x080f5edf      0xe  Code  Gb  stm32f4xx_spi.o [1]
SPI_I2S_ITConfig        0x080f5ec5     0x1a  Code  Gb  stm32f4xx_spi.o [1]
SPI_I2S_ReceiveData     0x080f5ead      0x4  Code  Gb  stm32f4xx_spi.o [1]
SPI_I2S_SendData        0x080f5eb1      0x4  Code  Gb  stm32f4xx_spi.o [1]
SPI_Init                0x080f5d75     0x38  Code  Gb  stm32f4xx_spi.o [1]
STM_EVAL_LEDInit        0x080f6b4d     0x42  Code  Gb  stm32f4_discovery.o [1]
STM_EVAL_LEDOff         0x080f6ba1     0x10  Code  Gb  stm32f4_discovery.o [1]
STM_EVAL_LEDOn          0x080f6b91     0x10  Code  Gb  stm32f4_discovery.o [1]
STM_EVAL_LEDToggle      0x080f6bb1     0x16  Code  Gb  stm32f4_discovery.o [1]
SVC_Handler             0x080f6bef      0x2  Code  Gb  stm32f4xx_it.o [1]
SYSCFG_EXTILineConfig   0x080f6805     0x24  Code  Gb  stm32f4xx_syscfg.o [1]
SysTick_Handler         0x080f6bf5      0x4  Code  Gb  stm32f4xx_it.o [1]
SystemCoreClock         0x200000b4      0x4  Data  Gb  system_stm32f4xx.o [1]
SystemInit              0x080f6cf5     0xec  Code  Gb  system_stm32f4xx.o [1]
TIM4_IRQHandler         0x080f6c2f     0xb0  Code  Gb  stm32f4xx_it.o [1]
TIM_ARRPreloadConfig    0x080f692b     0x18  Code  Gb  stm32f4xx_tim.o [1]
TIM_ClearITPendingBit   0x080f6a17      0x6  Code  Gb  stm32f4xx_tim.o [1]
TIM_Cmd                 0x080f6943     0x18  Code  Gb  stm32f4xx_tim.o [1]
TIM_GetCapture1         0x080f69ef      0x4  Code  Gb  stm32f4xx_tim.o [1]
TIM_GetITStatus         0x080f6a03     0x14  Code  Gb  stm32f4xx_tim.o [1]
TIM_ITConfig            0x080f69f3     0x10  Code  Gb  stm32f4xx_tim.o [1]
TIM_OC1Init             0x080f695b     0x66  Code  Gb  stm32f4xx_tim.o [1]
TIM_OC1PreloadConfig    0x080f69e1      0xe  Code  Gb  stm32f4xx_tim.o [1]
TIM_SetCompare1         0x080f69dd      0x4  Code  Gb  stm32f4xx_tim.o [1]
TIM_TimeBaseInit        0x080f68b9     0x72  Code  Gb  stm32f4xx_tim.o [1]
TimingDelay             0x200000c8      0x4  Data  Lc  waveplayer.o [1]
TimingDelay_Decrement   0x080f6145      0xe  Code  Gb  waveplayer.o [1]
UsageFault_Handler      0x080f6bed      0x2  Code  Gb  stm32f4xx_it.o [1]
WavePlayBack            0x080f5f99     0x50  Code  Gb  waveplayer.o [1]
WavePlayerInit          0x080f5fe9    0x14a  Code  Gb  waveplayer.o [1]
__cmain                 0x080f6e91           Code  Gb  cmain.o [5]
__exit                  0x080f6ec5     0x14  Code  Gb  exit.o [6]
__iar_data_init3        0x080f6e35     0x28  Code  Gb  data_init.o [5]
__iar_init_vfp          0x080f6e5d           Code  Gb  fpinit_M.o [4]
__iar_packbits_init_single3
                        0x080f6dfd     0x38  Code  Gb  packbits_init_single.o [5]
__iar_program_start     0x080f6ee9           Code  Gb  cstartup_M.o [5]
__iar_systems$$module {Abs}
                        0x00000001           Data  Gb  command line/config [2]
__low_level_init        0x080f6eaf      0x4  Code  Gb  low_level_init.o [3]
__vector_table          0x08000000           Data  Gb  startup_stm32f4xx.o [1]
_call_main              0x080f6e9d           Code  Gb  cmain.o [5]
_exit                   0x080f6eb9           Code  Gb  cexit.o [5]
_main                   0x080f6eab           Code  Gb  cmain.o [5]
capture                 0x200000ce      0x2  Data  Gb  stm32f4xx_it.o [1]
exit                    0x080f6eb3      0x4  Code  Gb  exit.o [3]
main                    0x080f6a1d    0x130  Code  Gb  main.o [1]
volume                  0x200000d2      0x1  Data  Gb  waveplayer.o [1]


[1] = E:\MSST Thesis\STM32CubeMX\workspace\Audio_playback_and_record\EWARM\MEDIA_IntFLASH\Obj
[2] = command line
[3] = dl7M_tln.a
[4] = m7M_tls.a
[5] = rt7M_tl.a
[6] = shb_l.a

      8 406 bytes of readonly  code memory
  1 003 516 bytes of readonly  data memory
      1 236 bytes of readwrite data memory

Errors: none
Warnings: none
